[2026-05-28 18:57:20] INFO ODIN DAEMON v1.0 starting. Mode: LIVE
[2026-05-28 18:57:20] INFO Tier 1 cadence: 30min. Tier 2: weekly Sunday.
[2026-05-28 18:57:20] INFO Logs: C:\Users\dcmoo\Documents\Python\9realms\daemon_logs
[2026-05-28 18:57:20] INFO Alerts: C:\Users\dcmoo\Documents\Python\9realms\alerts
[2026-05-28 18:57:20] INFO Outside market hours, idling. Next check in 5 min. (Weekday=3, hour=18)
[2026-05-28 19:02:20] INFO Outside market hours, idling. Next check in 5 min. (Weekday=3, hour=19)
[2026-05-28 19:07:20] INFO Outside market hours, idling. Next check in 5 min. (Weekday=3, hour=19)
[2026-05-28 19:12:20] INFO Outside market hours, idling. Next check in 5 min. (Weekday=3, hour=19)
[2026-05-28 19:17:20] INFO Outside market hours, idling. Next check in 5 min. (Weekday=3, hour=19)
[2026-05-28 19:22:20] INFO Outside market hours, idling. Next check in 5 min. (Weekday=3, hour=19)
[2026-05-28 19:27:20] INFO Outside market hours, idling. Next check in 5 min. (Weekday=3, hour=19)
[2026-05-28 19:32:20] INFO Outside market hours, idling. Next check in 5 min. (Weekday=3, hour=19)
[2026-05-28 19:37:20] INFO Outside market hours, idling. Next check in 5 min. (Weekday=3, hour=19)
[2026-05-28 19:42:20] INFO Outside market hours, idling. Next check in 5 min. (Weekday=3, hour=19)
[2026-05-28 19:47:20] INFO Outside market hours, idling. Next check in 5 min. (Weekday=3, hour=19)
[2026-05-28 19:52:19] INFO Outside market hours, idling. Next check in 5 min. (Weekday=3, hour=19)
[2026-05-28 19:57:19] INFO Outside market hours, idling. Next check in 5 min. (Weekday=3, hour=19)
[2026-05-28 20:02:19] INFO Outside market hours, idling. Next check in 5 min. (Weekday=3, hour=20)
[2026-05-28 20:07:19] INFO Outside market hours, idling. Next check in 5 min. (Weekday=3, hour=20)
[2026-05-28 20:12:19] INFO Outside market hours, idling. Next check in 5 min. (Weekday=3, hour=20)
[2026-05-28 20:17:19] INFO Outside market hours, idling. Next check in 5 min. (Weekday=3, hour=20)
[2026-05-28 20:22:19] INFO Outside market hours, idling. Next check in 5 min. (Weekday=3, hour=20)
[2026-05-28 20:27:19] INFO Outside market hours, idling. Next check in 5 min. (Weekday=3, hour=20)
[2026-05-28 20:32:19] INFO Outside market hours, idling. Next check in 5 min. (Weekday=3, hour=20)
[2026-05-28 20:37:19] INFO Outside market hours, idling. Next check in 5 min. (Weekday=3, hour=20)
[2026-05-28 20:42:19] INFO Outside market hours, idling. Next check in 5 min. (Weekday=3, hour=20)
[2026-05-28 20:47:19] INFO Outside market hours, idling. Next check in 5 min. (Weekday=3, hour=20)
[2026-05-28 20:52:19] INFO Outside market hours, idling. Next check in 5 min. (Weekday=3, hour=20)
[2026-05-28 20:57:19] INFO Outside market hours, idling. Next check in 5 min. (Weekday=3, hour=20)
[2026-05-28 21:02:19] INFO Outside market hours, idling. Next check in 5 min. (Weekday=3, hour=21)
[2026-05-28 21:07:19] INFO Outside market hours, idling. Next check in 5 min. (Weekday=3, hour=21)
[2026-05-28 21:12:19] INFO Outside market hours, idling. Next check in 5 min. (Weekday=3, hour=21)
[2026-05-28 21:17:19] INFO Outside market hours, idling. Next check in 5 min. (Weekday=3, hour=21)
[2026-05-28 21:22:19] INFO Outside market hours, idling. Next check in 5 min. (Weekday=3, hour=21)
[2026-05-28 21:27:19] INFO Outside market hours, idling. Next check in 5 min. (Weekday=3, hour=21)
[2026-05-28 21:32:19] INFO Outside market hours, idling. Next check in 5 min. (Weekday=3, hour=21)
[2026-05-28 21:37:19] INFO Outside market hours, idling. Next check in 5 min. (Weekday=3, hour=21)
[2026-05-28 21:42:19] INFO Outside market hours, idling. Next check in 5 min. (Weekday=3, hour=21)
[2026-05-28 21:47:19] INFO Outside market hours, idling. Next check in 5 min. (Weekday=3, hour=21)
[2026-05-28 21:52:19] INFO Outside market hours, idling. Next check in 5 min. (Weekday=3, hour=21)
[2026-05-28 21:57:19] INFO Outside market hours, idling. Next check in 5 min. (Weekday=3, hour=21)
[2026-05-28 22:02:19] INFO Outside market hours, idling. Next check in 5 min. (Weekday=3, hour=22)
[2026-05-28 22:07:19] INFO Outside market hours, idling. Next check in 5 min. (Weekday=3, hour=22)
[2026-05-28 22:12:19] INFO Outside market hours, idling. Next check in 5 min. (Weekday=3, hour=22)
[2026-05-28 22:17:19] INFO Outside market hours, idling. Next check in 5 min. (Weekday=3, hour=22)
[2026-05-28 22:22:19] INFO Outside market hours, idling. Next check in 5 min. (Weekday=3, hour=22)
[2026-05-28 22:27:19] INFO Outside market hours, idling. Next check in 5 min. (Weekday=3, hour=22)
[2026-05-28 22:32:19] INFO Outside market hours, idling. Next check in 5 min. (Weekday=3, hour=22)
[2026-05-28 22:37:19] INFO Outside market hours, idling. Next check in 5 min. (Weekday=3, hour=22)
[2026-05-28 22:42:19] INFO Outside market hours, idling. Next check in 5 min. (Weekday=3, hour=22)
[2026-05-28 22:47:19] INFO Outside market hours, idling. Next check in 5 min. (Weekday=3, hour=22)
[2026-05-28 22:52:19] INFO Outside market hours, idling. Next check in 5 min. (Weekday=3, hour=22)
[2026-05-28 22:57:19] INFO Outside market hours, idling. Next check in 5 min. (Weekday=3, hour=22)
[2026-05-28 23:02:19] INFO Outside market hours, idling. Next check in 5 min. (Weekday=3, hour=23)
[2026-05-28 23:07:19] INFO Outside market hours, idling. Next check in 5 min. (Weekday=3, hour=23)
[2026-05-28 23:12:19] INFO Outside market hours, idling. Next check in 5 min. (Weekday=3, hour=23)
[2026-05-28 23:17:19] INFO Outside market hours, idling. Next check in 5 min. (Weekday=3, hour=23)
[2026-05-28 23:22:19] INFO Outside market hours, idling. Next check in 5 min. (Weekday=3, hour=23)
[2026-05-28 23:27:19] INFO Outside market hours, idling. Next check in 5 min. (Weekday=3, hour=23)
[2026-05-28 23:32:19] INFO Outside market hours, idling. Next check in 5 min. (Weekday=3, hour=23)
[2026-05-28 23:37:19] INFO Outside market hours, idling. Next check in 5 min. (Weekday=3, hour=23)
[2026-05-28 23:42:19] INFO Outside market hours, idling. Next check in 5 min. (Weekday=3, hour=23)
[2026-05-28 23:47:19] INFO Outside market hours, idling. Next check in 5 min. (Weekday=3, hour=23)
[2026-05-28 23:52:19] INFO Outside market hours, idling. Next check in 5 min. (Weekday=3, hour=23)
[2026-05-28 23:57:19] INFO Outside market hours, idling. Next check in 5 min. (Weekday=3, hour=23)
[2026-05-29 00:02:19] INFO Outside market hours, idling. Next check in 5 min. (Weekday=4, hour=0)
[2026-05-29 00:07:19] INFO Outside market hours, idling. Next check in 5 min. (Weekday=4, hour=0)
[2026-05-29 00:12:19] INFO Outside market hours, idling. Next check in 5 min. (Weekday=4, hour=0)
[2026-05-29 00:17:19] INFO Outside market hours, idling. Next check in 5 min. (Weekday=4, hour=0)
[2026-05-29 00:22:19] INFO Outside market hours, idling. Next check in 5 min. (Weekday=4, hour=0)
[2026-05-29 00:27:19] INFO Outside market hours, idling. Next check in 5 min. (Weekday=4, hour=0)
[2026-05-29 00:32:19] INFO Outside market hours, idling. Next check in 5 min. (Weekday=4, hour=0)
[2026-05-29 00:37:19] INFO Outside market hours, idling. Next check in 5 min. (Weekday=4, hour=0)
[2026-05-29 00:42:19] INFO Outside market hours, idling. Next check in 5 min. (Weekday=4, hour=0)
[2026-05-29 00:47:19] INFO Outside market hours, idling. Next check in 5 min. (Weekday=4, hour=0)
[2026-05-29 00:52:19] INFO Outside market hours, idling. Next check in 5 min. (Weekday=4, hour=0)
[2026-05-29 00:57:19] INFO Outside market hours, idling. Next check in 5 min. (Weekday=4, hour=0)
[2026-05-29 01:02:19] INFO Outside market hours, idling. Next check in 5 min. (Weekday=4, hour=1)
[2026-05-29 01:07:19] INFO Outside market hours, idling. Next check in 5 min. (Weekday=4, hour=1)
[2026-05-29 01:12:19] INFO Outside market hours, idling. Next check in 5 min. (Weekday=4, hour=1)
[2026-05-29 01:17:19] INFO Outside market hours, idling. Next check in 5 min. (Weekday=4, hour=1)
[2026-05-29 01:22:19] INFO Outside market hours, idling. Next check in 5 min. (Weekday=4, hour=1)
[2026-05-29 01:27:19] INFO Outside market hours, idling. Next check in 5 min. (Weekday=4, hour=1)
[2026-05-29 01:32:19] INFO Outside market hours, idling. Next check in 5 min. (Weekday=4, hour=1)
[2026-05-29 01:37:19] INFO Outside market hours, idling. Next check in 5 min. (Weekday=4, hour=1)
[2026-05-29 01:42:19] INFO Outside market hours, idling. Next check in 5 min. (Weekday=4, hour=1)
[2026-05-29 01:47:19] INFO Outside market hours, idling. Next check in 5 min. (Weekday=4, hour=1)
[2026-05-29 01:52:19] INFO Outside market hours, idling. Next check in 5 min. (Weekday=4, hour=1)
[2026-05-29 01:57:19] INFO Outside market hours, idling. Next check in 5 min. (Weekday=4, hour=1)
[2026-05-29 02:02:19] INFO Outside market hours, idling. Next check in 5 min. (Weekday=4, hour=2)
[2026-05-29 02:07:19] INFO Outside market hours, idling. Next check in 5 min. (Weekday=4, hour=2)
[2026-05-29 02:12:19] INFO Outside market hours, idling. Next check in 5 min. (Weekday=4, hour=2)
[2026-05-29 02:17:19] INFO Outside market hours, idling. Next check in 5 min. (Weekday=4, hour=2)
[2026-05-29 02:22:19] INFO Outside market hours, idling. Next check in 5 min. (Weekday=4, hour=2)
[2026-05-29 02:27:19] INFO Outside market hours, idling. Next check in 5 min. (Weekday=4, hour=2)
[2026-05-29 02:32:19] INFO Outside market hours, idling. Next check in 5 min. (Weekday=4, hour=2)
[2026-05-29 02:37:19] INFO Outside market hours, idling. Next check in 5 min. (Weekday=4, hour=2)
[2026-05-29 02:42:19] INFO Outside market hours, idling. Next check in 5 min. (Weekday=4, hour=2)
[2026-05-29 02:47:19] INFO Outside market hours, idling. Next check in 5 min. (Weekday=4, hour=2)
[2026-05-29 02:52:19] INFO Outside market hours, idling. Next check in 5 min. (Weekday=4, hour=2)
[2026-05-29 02:57:19] INFO Outside market hours, idling. Next check in 5 min. (Weekday=4, hour=2)
[2026-05-29 03:02:19] INFO Outside market hours, idling. Next check in 5 min. (Weekday=4, hour=3)
[2026-05-29 03:07:19] INFO Outside market hours, idling. Next check in 5 min. (Weekday=4, hour=3)
[2026-05-29 03:12:19] INFO Outside market hours, idling. Next check in 5 min. (Weekday=4, hour=3)
[2026-05-29 03:17:19] INFO Outside market hours, idling. Next check in 5 min. (Weekday=4, hour=3)
[2026-05-29 03:22:19] INFO Outside market hours, idling. Next check in 5 min. (Weekday=4, hour=3)
[2026-05-29 03:27:19] INFO Outside market hours, idling. Next check in 5 min. (Weekday=4, hour=3)
[2026-05-29 03:32:19] INFO Outside market hours, idling. Next check in 5 min. (Weekday=4, hour=3)
[2026-05-29 03:37:19] INFO Outside market hours, idling. Next check in 5 min. (Weekday=4, hour=3)
[2026-05-29 03:42:19] INFO Outside market hours, idling. Next check in 5 min. (Weekday=4, hour=3)
[2026-05-29 03:47:19] INFO Outside market hours, idling. Next check in 5 min. (Weekday=4, hour=3)
[2026-05-29 03:52:19] INFO Outside market hours, idling. Next check in 5 min. (Weekday=4, hour=3)
[2026-05-29 03:57:19] INFO Outside market hours, idling. Next check in 5 min. (Weekday=4, hour=3)
[2026-05-29 04:02:19] INFO Outside market hours, idling. Next check in 5 min. (Weekday=4, hour=4)
[2026-05-29 04:07:19] INFO Outside market hours, idling. Next check in 5 min. (Weekday=4, hour=4)
[2026-05-29 04:12:19] INFO Outside market hours, idling. Next check in 5 min. (Weekday=4, hour=4)
[2026-05-29 04:17:19] INFO Outside market hours, idling. Next check in 5 min. (Weekday=4, hour=4)
[2026-05-29 04:22:19] INFO Outside market hours, idling. Next check in 5 min. (Weekday=4, hour=4)
[2026-05-29 04:27:19] INFO Outside market hours, idling. Next check in 5 min. (Weekday=4, hour=4)
[2026-05-29 04:32:19] INFO Outside market hours, idling. Next check in 5 min. (Weekday=4, hour=4)
[2026-05-29 04:37:19] INFO Outside market hours, idling. Next check in 5 min. (Weekday=4, hour=4)
[2026-05-29 04:42:19] INFO Outside market hours, idling. Next check in 5 min. (Weekday=4, hour=4)
[2026-05-29 04:47:19] INFO Outside market hours, idling. Next check in 5 min. (Weekday=4, hour=4)
[2026-05-29 04:52:19] INFO Outside market hours, idling. Next check in 5 min. (Weekday=4, hour=4)
[2026-05-29 04:57:19] INFO Outside market hours, idling. Next check in 5 min. (Weekday=4, hour=4)
[2026-05-29 05:02:19] INFO Outside market hours, idling. Next check in 5 min. (Weekday=4, hour=5)
[2026-05-29 05:07:19] INFO Outside market hours, idling. Next check in 5 min. (Weekday=4, hour=5)
[2026-05-29 05:12:19] INFO Outside market hours, idling. Next check in 5 min. (Weekday=4, hour=5)
[2026-05-29 05:17:19] INFO Outside market hours, idling. Next check in 5 min. (Weekday=4, hour=5)
[2026-05-29 05:22:19] INFO Outside market hours, idling. Next check in 5 min. (Weekday=4, hour=5)
[2026-05-29 05:27:19] INFO Outside market hours, idling. Next check in 5 min. (Weekday=4, hour=5)
[2026-05-29 05:32:19] INFO Outside market hours, idling. Next check in 5 min. (Weekday=4, hour=5)
[2026-05-29 05:37:19] INFO Outside market hours, idling. Next check in 5 min. (Weekday=4, hour=5)
[2026-05-29 05:42:19] INFO Outside market hours, idling. Next check in 5 min. (Weekday=4, hour=5)
[2026-05-29 05:47:19] INFO Outside market hours, idling. Next check in 5 min. (Weekday=4, hour=5)
[2026-05-29 05:52:19] INFO Outside market hours, idling. Next check in 5 min. (Weekday=4, hour=5)
[2026-05-29 05:57:19] INFO Outside market hours, idling. Next check in 5 min. (Weekday=4, hour=5)
[2026-05-29 06:02:19] INFO === Tier 1 cycle START ===
[2026-05-29 06:02:19] INFO Running scanner refresh...
[2026-05-29 06:04:10] INFO Scanner OK
[2026-05-29 06:04:10] HIGH_PRIORITY ALERT_HIGH_PRIORITY: Scanner detected 29 NEW catalyst events. Review phase_readout_new_events_*.csv.
[2026-05-29 06:04:10] INFO Running auto-postmortem check...
[2026-05-29 06:04:10] INFO Postmortem OK
[2026-05-29 06:04:10] INFO === Tier 1 cycle END (111.1s) ===
[2026-05-29 06:32:19] INFO === Tier 1 cycle START ===
[2026-05-29 06:32:19] INFO Running scanner refresh...
[2026-05-29 06:32:19] INFO Scanner OK
[2026-05-29 06:32:19] HIGH_PRIORITY ALERT_HIGH_PRIORITY: Scanner detected 29 NEW catalyst events. Review phase_readout_new_events_*.csv.
[2026-05-29 06:32:19] INFO Running auto-postmortem check...
[2026-05-29 06:32:19] INFO Postmortem OK
[2026-05-29 06:32:19] INFO === Tier 1 cycle END (0.2s) ===
[2026-05-29 07:02:19] INFO === Tier 1 cycle START ===
[2026-05-29 07:02:19] INFO Running scanner refresh...
[2026-05-29 07:02:19] INFO Scanner OK
[2026-05-29 07:02:19] HIGH_PRIORITY ALERT_HIGH_PRIORITY: Scanner detected 29 NEW catalyst events. Review phase_readout_new_events_*.csv.
[2026-05-29 07:02:19] INFO Running auto-postmortem check...
[2026-05-29 07:02:19] INFO Postmortem OK
[2026-05-29 07:02:19] INFO === Tier 1 cycle END (0.3s) ===
[2026-05-29 07:32:19] INFO === Tier 1 cycle START ===
[2026-05-29 07:32:19] INFO Running scanner refresh...
[2026-05-29 07:32:19] INFO Scanner OK
[2026-05-29 07:32:19] HIGH_PRIORITY ALERT_HIGH_PRIORITY: Scanner detected 29 NEW catalyst events. Review phase_readout_new_events_*.csv.
[2026-05-29 07:32:19] INFO Running auto-postmortem check...
[2026-05-29 07:32:19] INFO Postmortem OK
[2026-05-29 07:32:19] INFO === Tier 1 cycle END (0.3s) ===
[2026-05-29 08:02:19] INFO === Tier 1 cycle START ===
[2026-05-29 08:02:19] INFO Running scanner refresh...
[2026-05-29 08:02:19] INFO Scanner OK
[2026-05-29 08:02:19] HIGH_PRIORITY ALERT_HIGH_PRIORITY: Scanner detected 29 NEW catalyst events. Review phase_readout_new_events_*.csv.
[2026-05-29 08:02:19] INFO Running auto-postmortem check...
[2026-05-29 08:02:19] INFO Postmortem OK
[2026-05-29 08:02:19] INFO === Tier 1 cycle END (0.2s) ===
[2026-05-29 08:32:19] INFO === Tier 1 cycle START ===
[2026-05-29 08:32:19] INFO Running scanner refresh...
[2026-05-29 08:32:19] INFO Scanner OK
[2026-05-29 08:32:19] HIGH_PRIORITY ALERT_HIGH_PRIORITY: Scanner detected 29 NEW catalyst events. Review phase_readout_new_events_*.csv.
[2026-05-29 08:32:19] INFO Running auto-postmortem check...
[2026-05-29 08:32:19] INFO Postmortem OK
[2026-05-29 08:32:19] INFO === Tier 1 cycle END (0.3s) ===
[2026-05-29 09:02:19] INFO === Tier 1 cycle START ===
[2026-05-29 09:02:19] INFO Running scanner refresh...
[2026-05-29 09:02:19] INFO Scanner OK
[2026-05-29 09:02:19] HIGH_PRIORITY ALERT_HIGH_PRIORITY: Scanner detected 29 NEW catalyst events. Review phase_readout_new_events_*.csv.
[2026-05-29 09:02:19] INFO Running auto-postmortem check...
[2026-05-29 09:02:19] INFO Postmortem OK
[2026-05-29 09:02:19] INFO === Tier 1 cycle END (0.2s) ===
[2026-05-29 09:32:19] INFO === Tier 1 cycle START ===
[2026-05-29 09:32:19] INFO Running scanner refresh...
[2026-05-29 09:32:19] INFO Scanner OK
[2026-05-29 09:32:19] HIGH_PRIORITY ALERT_HIGH_PRIORITY: Scanner detected 29 NEW catalyst events. Review phase_readout_new_events_*.csv.
[2026-05-29 09:32:19] INFO Running auto-postmortem check...
[2026-05-29 09:32:19] INFO Postmortem OK
[2026-05-29 09:32:19] INFO === Tier 1 cycle END (0.2s) ===
[2026-05-29 10:02:19] INFO === Tier 1 cycle START ===
[2026-05-29 10:02:19] INFO Running scanner refresh...
[2026-05-29 10:02:19] INFO Scanner OK
[2026-05-29 10:02:19] HIGH_PRIORITY ALERT_HIGH_PRIORITY: Scanner detected 29 NEW catalyst events. Review phase_readout_new_events_*.csv.
[2026-05-29 10:02:19] INFO Running auto-postmortem check...
[2026-05-29 10:02:19] INFO Postmortem OK
[2026-05-29 10:02:19] INFO === Tier 1 cycle END (0.2s) ===
[2026-05-29 10:32:19] INFO === Tier 1 cycle START ===
[2026-05-29 10:32:19] INFO Running scanner refresh...
[2026-05-29 10:32:19] INFO Scanner OK
[2026-05-29 10:32:19] HIGH_PRIORITY ALERT_HIGH_PRIORITY: Scanner detected 29 NEW catalyst events. Review phase_readout_new_events_*.csv.
[2026-05-29 10:32:19] INFO Running auto-postmortem check...
[2026-05-29 10:32:19] INFO Postmortem OK
[2026-05-29 10:32:19] INFO === Tier 1 cycle END (0.3s) ===
[2026-05-29 11:02:19] INFO === Tier 1 cycle START ===
[2026-05-29 11:02:19] INFO Running scanner refresh...
[2026-05-29 11:02:19] INFO Scanner OK
[2026-05-29 11:02:19] HIGH_PRIORITY ALERT_HIGH_PRIORITY: Scanner detected 29 NEW catalyst events. Review phase_readout_new_events_*.csv.
[2026-05-29 11:02:19] INFO Running auto-postmortem check...
[2026-05-29 11:02:19] INFO Postmortem OK
[2026-05-29 11:02:19] INFO === Tier 1 cycle END (0.2s) ===
[2026-05-29 11:32:19] INFO === Tier 1 cycle START ===
[2026-05-29 11:32:19] INFO Running scanner refresh...
[2026-05-29 11:32:19] INFO Scanner OK
[2026-05-29 11:32:19] HIGH_PRIORITY ALERT_HIGH_PRIORITY: Scanner detected 29 NEW catalyst events. Review phase_readout_new_events_*.csv.
[2026-05-29 11:32:19] INFO Running auto-postmortem check...
[2026-05-29 11:32:19] INFO Postmortem OK
[2026-05-29 11:32:19] INFO === Tier 1 cycle END (0.2s) ===
[2026-05-29 12:02:19] INFO === Tier 1 cycle START ===
[2026-05-29 12:02:19] INFO Running scanner refresh...
[2026-05-29 12:02:19] INFO Scanner OK
[2026-05-29 12:02:19] HIGH_PRIORITY ALERT_HIGH_PRIORITY: Scanner detected 29 NEW catalyst events. Review phase_readout_new_events_*.csv.
[2026-05-29 12:02:19] INFO Running auto-postmortem check...
[2026-05-29 12:02:19] INFO Postmortem OK
[2026-05-29 12:02:19] INFO === Tier 1 cycle END (0.3s) ===
[2026-05-29 12:32:19] INFO === Tier 1 cycle START ===
[2026-05-29 12:32:19] INFO Running scanner refresh...
[2026-05-29 12:34:05] INFO Scanner OK
[2026-05-29 12:34:05] HIGH_PRIORITY ALERT_HIGH_PRIORITY: Scanner detected 32 NEW catalyst events. Review phase_readout_new_events_*.csv.
[2026-05-29 12:34:05] INFO Running auto-postmortem check...
[2026-05-29 12:34:05] INFO Postmortem OK
[2026-05-29 12:34:05] INFO === Tier 1 cycle END (106.7s) ===
[2026-05-29 13:02:19] INFO === Tier 1 cycle START ===
[2026-05-29 13:02:19] INFO Running scanner refresh...
[2026-05-29 13:02:19] INFO Scanner OK
[2026-05-29 13:02:19] HIGH_PRIORITY ALERT_HIGH_PRIORITY: Scanner detected 32 NEW catalyst events. Review phase_readout_new_events_*.csv.
[2026-05-29 13:02:19] INFO Running auto-postmortem check...
[2026-05-29 13:02:19] INFO Postmortem OK
[2026-05-29 13:02:19] INFO === Tier 1 cycle END (0.4s) ===
[2026-05-29 13:32:19] INFO === Tier 1 cycle START ===
[2026-05-29 13:32:19] INFO Running scanner refresh...
[2026-05-29 13:32:19] INFO Scanner OK
[2026-05-29 13:32:19] HIGH_PRIORITY ALERT_HIGH_PRIORITY: Scanner detected 32 NEW catalyst events. Review phase_readout_new_events_*.csv.
[2026-05-29 13:32:19] INFO Running auto-postmortem check...
[2026-05-29 13:32:19] INFO Postmortem OK
[2026-05-29 13:32:19] INFO === Tier 1 cycle END (0.2s) ===
[2026-05-29 14:02:19] INFO === Tier 1 cycle START ===
[2026-05-29 14:02:19] INFO Running scanner refresh...
[2026-05-29 14:02:19] INFO Scanner OK
[2026-05-29 14:02:19] HIGH_PRIORITY ALERT_HIGH_PRIORITY: Scanner detected 32 NEW catalyst events. Review phase_readout_new_events_*.csv.
[2026-05-29 14:02:19] INFO Running auto-postmortem check...
[2026-05-29 14:02:19] INFO Postmortem OK
[2026-05-29 14:02:19] INFO === Tier 1 cycle END (0.2s) ===
[2026-05-29 14:32:19] INFO === Tier 1 cycle START ===
[2026-05-29 14:32:19] INFO Running scanner refresh...
[2026-05-29 14:32:19] INFO Scanner OK
[2026-05-29 14:32:19] HIGH_PRIORITY ALERT_HIGH_PRIORITY: Scanner detected 32 NEW catalyst events. Review phase_readout_new_events_*.csv.
[2026-05-29 14:32:19] INFO Running auto-postmortem check...
[2026-05-29 14:32:19] INFO Postmortem OK
[2026-05-29 14:32:19] INFO === Tier 1 cycle END (0.2s) ===
[2026-05-29 15:02:19] INFO === Tier 1 cycle START ===
[2026-05-29 15:02:19] INFO Running scanner refresh...
[2026-05-29 15:02:19] INFO Scanner OK
[2026-05-29 15:02:19] HIGH_PRIORITY ALERT_HIGH_PRIORITY: Scanner detected 32 NEW catalyst events. Review phase_readout_new_events_*.csv.
[2026-05-29 15:02:19] INFO Running auto-postmortem check...
[2026-05-29 15:02:19] INFO Postmortem OK
[2026-05-29 15:02:19] INFO === Tier 1 cycle END (0.2s) ===
[2026-05-29 15:32:19] INFO === Tier 1 cycle START ===
[2026-05-29 15:32:19] INFO Running scanner refresh...
[2026-05-29 15:32:19] INFO Scanner OK
[2026-05-29 15:32:19] HIGH_PRIORITY ALERT_HIGH_PRIORITY: Scanner detected 32 NEW catalyst events. Review phase_readout_new_events_*.csv.
[2026-05-29 15:32:19] INFO Running auto-postmortem check...
[2026-05-29 15:32:19] INFO Postmortem OK
[2026-05-29 15:32:19] INFO === Tier 1 cycle END (0.2s) ===
[2026-05-29 16:02:19] INFO === Tier 1 cycle START ===
[2026-05-29 16:02:19] INFO Running scanner refresh...
[2026-05-29 16:02:19] INFO Scanner OK
[2026-05-29 16:02:19] HIGH_PRIORITY ALERT_HIGH_PRIORITY: Scanner detected 32 NEW catalyst events. Review phase_readout_new_events_*.csv.
[2026-05-29 16:02:19] INFO Running auto-postmortem check...
[2026-05-29 16:02:19] INFO Postmortem OK
[2026-05-29 16:02:19] INFO === Tier 1 cycle END (0.3s) ===
[2026-05-29 16:32:19] INFO === Tier 1 cycle START ===
[2026-05-29 16:32:19] INFO Running scanner refresh...
[2026-05-29 16:32:19] INFO Scanner OK
[2026-05-29 16:32:19] HIGH_PRIORITY ALERT_HIGH_PRIORITY: Scanner detected 32 NEW catalyst events. Review phase_readout_new_events_*.csv.
[2026-05-29 16:32:19] INFO Running auto-postmortem check...
[2026-05-29 16:32:19] INFO Postmortem OK
[2026-05-29 16:32:19] INFO === Tier 1 cycle END (0.2s) ===
[2026-05-29 17:02:19] INFO === Tier 1 cycle START ===
[2026-05-29 17:02:19] INFO Running scanner refresh...
[2026-05-29 17:02:19] INFO Scanner OK
[2026-05-29 17:02:19] HIGH_PRIORITY ALERT_HIGH_PRIORITY: Scanner detected 32 NEW catalyst events. Review phase_readout_new_events_*.csv.
[2026-05-29 17:02:19] INFO Running auto-postmortem check...
[2026-05-29 17:02:19] INFO Postmortem OK
[2026-05-29 17:02:19] INFO === Tier 1 cycle END (0.3s) ===
