Loading VERCEL_TOKEN from "Odin Perfection\.env_master" ...

Publishing pdufa_site_src to pdufa.bio (production) ...
------------------------------------------------------------------
Vercel CLI 54.18.7 (Node.js 24.13.0)
Retrieving project…
Deploying david-moores-projects-0204587c/pdufa-bio-staging
Uploading [--------------------] (0.0B/30.9KB)
Uploading [==========----------] (16.0KB/30.9KB)
Uploading [====================] (30.9KB/30.9KB)
  Inspect         https://vercel.com/david-moores-projects-0204587c/pdufa-bio-staging/DN5pJhs5vFCbwfbrk4v8sMpwL9Yg
  Production      https://pdufa-bio-staging-fwbg2loz0-david-moores-projects-0204587c.vercel.app
https://pdufa-bio-staging-fwbg2loz0-david-moores-projects-0204587c.vercel.appBuilding…
Building…
Running build in Washington, D.C., USA (East) – iad1
Build machine configuration: 4 cores, 8 GB
Retrieving list of deployment files...
Downloading 859 deployment files...
Restored build cache from previous deployment (A9VGEdWQRNvvAQepNFhjgDRefJLi)
Running "vercel build"
Vercel CLI 56.2.0
Installing dependencies...
up to date in 574ms
11 packages are looking for funding
run `npm fund` for details
Warning: Node.js functions are compiled from ESM to CommonJS. If this is not intended, add "type": "module" to your package.json file.
Compiling "build-watchlist.js" from ESM to CommonJS...
Compiling "data.js" from ESM to CommonJS...
Compiling "log.js" from ESM to CommonJS...
Compiling "premarket.js" from ESM to CommonJS...
Compiling "scorecard.js" from ESM to CommonJS...
Compiling "surges.js" from ESM to CommonJS...
Build Completed in /vercel/output [9s]
Deploying outputs...
[2K[1A[2K[G  Production      https://pdufa-bio-staging-fwbg2loz0-david-moores-projects-0204587c.vercel.app
Completing…
▲ Aliased         https://www.pdufa.bio

✓ Ready in 31s
