[2026-04-20 13:33:52] Loaded ticker_cik_map: 523 matched tickers
[2026-04-20 13:33:52] Stage 1: 523 tickers total, 0 already done, 523 remaining
[2026-04-20 13:33:53]   [2/523] ABBV cik=0001551152 → 698 Form 4s
[2026-04-20 13:33:54]   [3/523] ABCL cik=0001703057 → 108 Form 4s
[2026-04-20 13:33:55]   [4/523] ABEO cik=0000318306 → 279 Form 4s
[2026-04-20 13:33:55]   [5/523] ABOS cik=0001576885 → 110 Form 4s
[2026-04-20 13:33:56]   [6/523] ABUS cik=0001447028 → 201 Form 4s
[2026-04-20 13:33:57]   [8/523] ACAD cik=0001070494 → 361 Form 4s
[2026-04-20 13:33:58]   [9/523] ACET cik=0001720580 → 236 Form 4s
[2026-04-20 13:33:58]   [10/523] ACOG cik=0001655923 → 33 Form 4s
[2026-04-20 13:33:58]   [11/523] ACRS cik=0001557746 → 368 Form 4s
[2026-04-20 13:33:59]   [12/523] ACTU cik=0001652935 → 30 Form 4s
[2026-04-20 13:33:59]   [13/523] ACXP cik=0001736243 → 43 Form 4s
[2026-04-20 13:34:00]   [14/523] ADCT cik=0001771910 → 59 Form 4s
[2026-04-20 13:34:00]   [15/523] ADIL cik=0001513525 → 92 Form 4s
[2026-04-20 13:34:01]   [16/523] ADMA cik=0001368514 → 275 Form 4s
[2026-04-20 13:34:01]   [17/523] ADPT cik=0001478320 → 459 Form 4s
[2026-04-20 13:34:02]   [18/523] ADTX cik=0001726711 → 46 Form 4s
[2026-04-20 13:34:02]   [20/523] AEON cik=0001837607 → 46 Form 4s
[2026-04-20 13:34:03]   [21/523] AGEN cik=0001098972 → 470 Form 4s
[2026-04-20 13:34:04]   [22/523] AGIO cik=0001439222 → 581 Form 4s
[2026-04-20 13:34:05]   [23/523] AIM cik=0000946644 → 361 Form 4s
[2026-04-20 13:34:06]   [24/523] AIMD cik=0001014763 → 338 Form 4s
[2026-04-20 13:34:06]   [25/523] AKBA cik=0001517022 → 283 Form 4s
[2026-04-20 13:34:07]   [27/523] ALDX cik=0001341235 → 169 Form 4s
[2026-04-20 13:34:08]   [28/523] ALEC cik=0001653087 → 255 Form 4s
[2026-04-20 13:34:08]   [29/523] ALGS cik=0001799448 → 98 Form 4s
[2026-04-20 13:34:09]   [30/523] ALKS cik=0001520262 → 835 Form 4s
[2026-04-20 13:34:09]   [31/523] ALLO cik=0001737287 → 233 Form 4s
[2026-04-20 13:34:10]   [32/523] ALLR cik=0001860657 → 10 Form 4s
[2026-04-20 13:34:10]   [33/523] ALMS cik=0001847367 → 73 Form 4s
[2026-04-20 13:34:11]   [34/523] ALNY cik=0001178670 → 519 Form 4s
[2026-04-20 13:34:13]   [35/523] ALT cik=0001326190 → 347 Form 4s
[2026-04-20 13:34:13]   [36/523] ALTO cik=0000778164 → 244 Form 4s
[2026-04-20 13:34:14]   [38/523] ALXO cik=0001810182 → 184 Form 4s
[2026-04-20 13:34:15]   [39/523] ALZN cik=0001677077 → 141 Form 4s
[2026-04-20 13:34:16]   [40/523] AMGN cik=0000318154 → 894 Form 4s
[2026-04-20 13:34:17]   [41/523] AMLX cik=0001658551 → 159 Form 4s
[2026-04-20 13:34:17]   [42/523] AMPH cik=0001297184 → 558 Form 4s
[2026-04-20 13:34:18]   [43/523] AMRN cik=0000897448 → 410 Form 4s
[2026-04-20 13:34:18]   [44/523] AMRX cik=0001723128 → 288 Form 4s
[2026-04-20 13:34:19]   [45/523] ANAB cik=0001370053 → 251 Form 4s
[2026-04-20 13:34:19]   [46/523] ANEB cik=0001815974 → 39 Form 4s
[2026-04-20 13:34:20]   [47/523] ANIK cik=0000898437 → 236 Form 4s
[2026-04-20 13:34:21]   [48/523] ANIP cik=0001023024 → 463 Form 4s
[2026-04-20 13:34:21]   [49/523] ANNX cik=0001528115 → 161 Form 4s
[2026-04-20 13:34:21]   [50/523] ANTX cik=0001880438 → 171 Form 4s
[2026-04-20 13:34:22]   [51/523] ANVS cik=0001477845 → 71 Form 4s
[2026-04-20 13:34:22]   [52/523] APGE cik=0001974640 → 85 Form 4s
[2026-04-20 13:34:23]   [53/523] APLS cik=0001492422 → 674 Form 4s
[2026-04-20 13:34:24]   [54/523] APRE cik=0001781983 → 144 Form 4s
[2026-04-20 13:34:24]   [55/523] APVO cik=0001671584 → 223 Form 4s
[2026-04-20 13:34:24]   [56/523] AQST cik=0001398733 → 256 Form 4s
[2026-04-20 13:34:25]   [57/523] ARDX cik=0001437402 → 588 Form 4s
[2026-04-20 13:34:26]   [59/523] ARQT cik=0001787306 → 362 Form 4s
[2026-04-20 13:34:27]   [60/523] ARVN cik=0001655759 → 229 Form 4s
[2026-04-20 13:34:27]   [61/523] ARWR cik=0000879407 → 295 Form 4s
[2026-04-20 13:34:28]   [62/523] ASMB cik=0001426800 → 219 Form 4s
[2026-04-20 13:34:29]   [64/523] ASRT cik=0001808665 → 152 Form 4s
[2026-04-20 13:34:29]   [65/523] ATAI cik=0002081043 → 10 Form 4s
[2026-04-20 13:34:30]   [67/523] ATNM cik=0001388320 → 108 Form 4s
[2026-04-20 13:34:31]   [68/523] ATOS cik=0001488039 → 108 Form 4s
[2026-04-20 13:34:32]   [69/523] ATRA cik=0001604464 → 566 Form 4s
[2026-04-20 13:34:32]   [70/523] ATXI cik=0001644963 → 74 Form 4s
[2026-04-20 13:34:33]   [71/523] ATYR cik=0001339970 → 273 Form 4s
[2026-04-20 13:34:33]   [72/523] AUPH cik=0001600620 → 140 Form 4s
[2026-04-20 13:34:33]   [73/523] AURA cik=0001501796 → 98 Form 4s
[2026-04-20 13:34:34]   [75/523] AVBP cik=0001868279 → 26 Form 4s
[2026-04-20 13:34:35]   [76/523] AVIR cik=0001593899 → 97 Form 4s
[2026-04-20 13:34:36]   [77/523] AVTX cik=0001534120 → 446 Form 4s
[2026-04-20 13:34:36]   [78/523] AVXL cik=0001314052 → 135 Form 4s
[2026-04-20 13:34:37]   [79/523] AXGN cik=0000805928 → 496 Form 4s
[2026-04-20 13:34:38]   [80/523] AXSM cik=0001579428 → 172 Form 4s
[2026-04-20 13:34:38]   [81/523] AZN cik=0000901832 → 6 Form 4s
[2026-04-20 13:34:39]   [82/523] BBIO cik=0001743881 → 379 Form 4s
[2026-04-20 13:34:39]   [83/523] BCAB cik=0001826892 → 266 Form 4s
[2026-04-20 13:34:39]   [84/523] BCAX cik=0002023658 → 60 Form 4s
[2026-04-20 13:34:40]   [85/523] BCDA cik=0000925741 → 301 Form 4s
[2026-04-20 13:34:41]   [86/523] BCLI cik=0001137883 → 133 Form 4s
[2026-04-20 13:34:42]   [87/523] BCRX cik=0000882796 → 546 Form 4s
[2026-04-20 13:34:42]   [88/523] BCTX cik=0001610820 → 4 Form 4s
[2026-04-20 13:34:42]   [89/523] BCYC cik=0001761612 → 238 Form 4s
[2026-04-20 13:34:43]   [90/523] BDTX cik=0001701541 → 237 Form 4s
[2026-04-20 13:34:43]   [91/523] BFRI cik=0001858685 → 38 Form 4s
[2026-04-20 13:34:44]   [92/523] BHC cik=0000885590 → 628 Form 4s
[2026-04-20 13:34:44]   [93/523] BHVN cik=0001935979 → 99 Form 4s
[2026-04-20 13:34:45]   [94/523] BIIB cik=0000875045 → 582 Form 4s
[2026-04-20 13:34:45]   [95/523] BIVI cik=0001580149 → 109 Form 4s
[2026-04-20 13:34:46]   [96/523] BLCO cik=0001860742 → 176 Form 4s
[2026-04-20 13:34:47]   [98/523] BLTE cik=0001889109 → 10 Form 4s
[2026-04-20 13:34:47]   [99/523] BMEA cik=0001840439 → 76 Form 4s
[2026-04-20 13:34:48]   [100/523] BMRN cik=0001048477 → 766 Form 4s
[2026-04-20 13:34:50]   [101/523] BMY cik=0000014272 → 986 Form 4s
[2026-04-20 13:34:50]   [102/523] BNTC cik=0001808898 → 48 Form 4s
[2026-04-20 13:34:51]   [104/523] BOLD cik=0001782303 → 41 Form 4s
[2026-04-20 13:34:51]   [105/523] BPTH cik=0001133818 → 61 Form 4s
[2026-04-20 13:34:51]   [106/523] BRNS cik=0001828185 → 79 Form 4s
[2026-04-20 13:34:52]   [107/523] BTAI cik=0001720893 → 217 Form 4s
[2026-04-20 13:34:52]   [108/523] BYSI cik=0001677940 → 31 Form 4s
[2026-04-20 13:34:53]   [109/523] CABA cik=0001759138 → 115 Form 4s
[2026-04-20 13:34:53]   [110/523] CADL cik=0001841387 → 148 Form 4s
[2026-04-20 13:34:54]   [111/523] CALC cik=0001534133 → 207 Form 4s
[2026-04-20 13:34:55]   [113/523] CAPR cik=0001133869 → 201 Form 4s
[2026-04-20 13:34:55]   [114/523] CARM cik=0001485003 → 176 Form 4s
[2026-04-20 13:34:56]   [115/523] CATX cik=0000728387 → 185 Form 4s
[2026-04-20 13:34:56]   [116/523] CELC cik=0001603454 → 155 Form 4s
[2026-04-20 13:34:57]   [117/523] CERS cik=0001020214 → 376 Form 4s
[2026-04-20 13:34:57]   [118/523] CGEM cik=0001789972 → 208 Form 4s
[2026-04-20 13:34:58]   [119/523] CGEN cik=0001119774 → 7 Form 4s
[2026-04-20 13:34:58]   [120/523] CGON cik=0001991792 → 60 Form 4s
[2026-04-20 13:34:59]   [121/523] CGTX cik=0001455365 → 85 Form 4s
[2026-04-20 13:35:00]   [122/523] CHRS cik=0001512762 → 320 Form 4s
[2026-04-20 13:35:00]   [123/523] CING cik=0001862150 → 140 Form 4s
[2026-04-20 13:35:01]   [124/523] CLDI cik=0001855485 → 46 Form 4s
[2026-04-20 13:35:02]   [125/523] CLDX cik=0000744218 → 255 Form 4s
[2026-04-20 13:35:03]   [126/523] CLLS cik=0001627281 → 3 Form 4s
[2026-04-20 13:35:03]   [127/523] CLNN cik=0001822791 → 288 Form 4s
[2026-04-20 13:35:04]   [128/523] CLPT cik=0001285550 → 479 Form 4s
[2026-04-20 13:35:05]   [129/523] CLRB cik=0001279704 → 157 Form 4s
[2026-04-20 13:35:05]   [130/523] CMMB cik=0001534248 → 37 Form 4s
[2026-04-20 13:35:06]   [132/523] CMPS cik=0001816590 → 106 Form 4s
[2026-04-20 13:35:06]   [133/523] CMPX cik=0001738021 → 110 Form 4s
[2026-04-20 13:35:07]   [134/523] CNSP cik=0001729427 → 65 Form 4s
[2026-04-20 13:35:07]   [135/523] CNTA cik=0001847903 → 260 Form 4s
[2026-04-20 13:35:07]   [136/523] CNTB cik=0001835268 → 3 Form 4s
[2026-04-20 13:35:08]   [137/523] CNTX cik=0001842952 → 63 Form 4s
[2026-04-20 13:35:08]   [138/523] COCP cik=0001412486 → 110 Form 4s
[2026-04-20 13:35:09]   [139/523] COGT cik=0001622229 → 206 Form 4s
[2026-04-20 13:35:10]   [140/523] CORT cik=0001088856 → 531 Form 4s
[2026-04-20 13:35:10]   [141/523] COYA cik=0001835022 → 54 Form 4s
[2026-04-20 13:35:11]   [142/523] CPIX cik=0001087294 → 368 Form 4s
[2026-04-20 13:35:12]   [143/523] CPRX cik=0001369568 → 441 Form 4s
[2026-04-20 13:35:12]   [144/523] CRBP cik=0001595097 → 271 Form 4s
[2026-04-20 13:35:12]   [145/523] CRBU cik=0001619856 → 100 Form 4s
[2026-04-20 13:35:13]   [146/523] CRDF cik=0001213037 → 201 Form 4s
[2026-04-20 13:35:14]   [148/523] CRIS cik=0001108205 → 151 Form 4s
[2026-04-20 13:35:15]   [149/523] CRMD cik=0001410098 → 342 Form 4s
[2026-04-20 13:35:16]   [150/523] CRNX cik=0001658247 → 249 Form 4s
[2026-04-20 13:35:17]   [151/523] CRSP cik=0001674416 → 426 Form 4s
[2026-04-20 13:35:17]   [152/523] CRVO cik=0001053691 → 158 Form 4s
[2026-04-20 13:35:17]   [153/523] CRVS cik=0001626971 → 217 Form 4s
[2026-04-20 13:35:18]   [155/523] CTMX cik=0001501989 → 346 Form 4s
[2026-04-20 13:35:19]   [156/523] CTXR cik=0001506251 → 113 Form 4s
[2026-04-20 13:35:19]   [157/523] CUE cik=0001645460 → 195 Form 4s
[2026-04-20 13:35:20]   [158/523] CVM cik=0000725363 → 325 Form 4s
[2026-04-20 13:35:21]   [159/523] CYTK cik=0001061983 → 832 Form 4s
[2026-04-20 13:35:21]   [160/523] DARE cik=0001401914 → 164 Form 4s
[2026-04-20 13:35:22]   [161/523] DAWN cik=0001845337 → 214 Form 4s
[2026-04-20 13:35:22]   [162/523] DBVT cik=0001613780 → 38 Form 4s
[2026-04-20 13:35:23]   [163/523] DCOY cik=0001615219 → 223 Form 4s
[2026-04-20 13:35:24]   [164/523] DCTH cik=0000872912 → 206 Form 4s
[2026-04-20 13:35:24]   [165/523] DERM cik=0001867066 → 64 Form 4s
[2026-04-20 13:35:24]   [166/523] DMAC cik=0001401040 → 143 Form 4s
[2026-04-20 13:35:25]   [167/523] DNLI cik=0001714899 → 384 Form 4s
[2026-04-20 13:35:25]   [168/523] DNTH cik=0001690585 → 223 Form 4s
[2026-04-20 13:35:26]   [169/523] DRMA cik=0001853816 → 86 Form 4s
[2026-04-20 13:35:26]   [170/523] DRUG cik=0001827401 → 2 Form 4s
[2026-04-20 13:35:26]   [171/523] DTIL cik=0001357874 → 221 Form 4s
[2026-04-20 13:35:27]   [172/523] DYAI cik=0001213809 → 112 Form 4s
[2026-04-20 13:35:28]   [173/523] EBS cik=0001367644 → 486 Form 4s
[2026-04-20 13:35:29]   [175/523] EDSA cik=0001540159 → 198 Form 4s
[2026-04-20 13:35:29]   [176/523] ELAB cik=0001840563 → 3 Form 4s
[2026-04-20 13:35:30]   [177/523] ELDN cik=0001404281 → 155 Form 4s
[2026-04-20 13:35:31]   [178/523] ELOX cik=0001035354 → 163 Form 4s
[2026-04-20 13:35:31]   [179/523] ELTX cik=0001601485 → 103 Form 4s
[2026-04-20 13:35:32]   [180/523] ELVN cik=0001672619 → 307 Form 4s
[2026-04-20 13:35:32]   [181/523] ENGN cik=0001980845 → 56 Form 4s
[2026-04-20 13:35:33]   [183/523] ENSC cik=0001716947 → 46 Form 4s
[2026-04-20 13:35:33]   [184/523] ENTA cik=0001177648 → 364 Form 4s
[2026-04-20 13:35:33]   [185/523] ENTX cik=0001638097 → 88 Form 4s
[2026-04-20 13:35:34]   [186/523] EQ cik=0001746466 → 148 Form 4s
[2026-04-20 13:35:34]   [187/523] ESLA cik=0001844417 → 11 Form 4s
[2026-04-20 13:35:35]   [188/523] ESPR cik=0001434868 → 290 Form 4s
[2026-04-20 13:35:35]   [189/523] ETON cik=0001710340 → 91 Form 4s
[2026-04-20 13:35:36]   [191/523] EVFM cik=0001618835 → 227 Form 4s
[2026-04-20 13:35:36]   [192/523] EVMN cik=0002044725 → 37 Form 4s
[2026-04-20 13:35:37]   [193/523] EWTX cik=0001710072 → 157 Form 4s
[2026-04-20 13:35:37]   [194/523] EXEL cik=0000939767 → 747 Form 4s
[2026-04-20 13:35:38]   [195/523] EYPT cik=0001314102 → 325 Form 4s
[2026-04-20 13:35:39]   [196/523] FATE cik=0001434316 → 311 Form 4s
[2026-04-20 13:35:39]   [197/523] FBIO cik=0001429260 → 179 Form 4s
[2026-04-20 13:35:40]   [198/523] FDMT cik=0001650648 → 121 Form 4s
[2026-04-20 13:35:40]   [199/523] FENC cik=0001211583 → 209 Form 4s
[2026-04-20 13:35:40]   [200/523] FHTX cik=0001822462 → 116 Form 4s
[2026-04-20 13:35:41]   [201/523] FLGT cik=0001674930 → 356 Form 4s
[2026-04-20 13:35:42]   [202/523] FOLD cik=0001178879 → 700 Form 4s
[2026-04-20 13:35:43]   [203/523] FULC cik=0001680581 → 171 Form 4s
[2026-04-20 13:35:43]   [204/523] GALT cik=0001133416 → 406 Form 4s
[2026-04-20 13:35:44]   [205/523] GEHC cik=0001932393 → 191 Form 4s
[2026-04-20 13:35:45]   [206/523] GERN cik=0000886744 → 254 Form 4s
[2026-04-20 13:35:45]   [207/523] GH cik=0001576280 → 726 Form 4s
[2026-04-20 13:35:47]   [209/523] GILD cik=0000882095 → 847 Form 4s
[2026-04-20 13:35:48]   [210/523] GKOS cik=0001192448 → 491 Form 4s
[2026-04-20 13:35:49]   [212/523] GLSI cik=0001799788 → 132 Form 4s
[2026-04-20 13:35:49]   [213/523] GMAB cik=0001434265 → 4 Form 4s
[2026-04-20 13:35:49]   [214/523] GNLX cik=0001231457 → 141 Form 4s
[2026-04-20 13:35:50]   [215/523] GNPX cik=0001595248 → 75 Form 4s
[2026-04-20 13:35:50]   [216/523] GOSS cik=0001728117 → 187 Form 4s
[2026-04-20 13:35:51]   [217/523] GOVX cik=0000832489 → 113 Form 4s
[2026-04-20 13:35:51]   [218/523] GPCR cik=0001888886 → 73 Form 4s
[2026-04-20 13:35:52]   [219/523] GRCE cik=0001444192 → 48 Form 4s
[2026-04-20 13:35:52]   [220/523] GRI cik=0001824293 → 53 Form 4s
[2026-04-20 13:35:53]   [221/523] GRTX cik=0001563577 → 108 Form 4s
[2026-04-20 13:35:55]   [222/523] GSK cik=0001131399 → 42 Form 4s
[2026-04-20 13:35:55]   [223/523] GUTS cik=0001572616 → 51 Form 4s
[2026-04-20 13:35:56]   [224/523] GYRE cik=0001124105 → 284 Form 4s
[2026-04-20 13:35:57]   [225/523] HALO cik=0001159036 → 393 Form 4s
[2026-04-20 13:35:58]   [227/523] HIND cik=0001427570 → 198 Form 4s
[2026-04-20 13:35:59]   [228/523] HOOK cik=0001760542 → 139 Form 4s
[2026-04-20 13:35:59]   [229/523] HOTH cik=0001711786 → 50 Form 4s
[2026-04-20 13:35:59]   [230/523] HRMY cik=0001802665 → 172 Form 4s
[2026-04-20 13:36:00]   [231/523] HRTX cik=0000818033 → 272 Form 4s
[2026-04-20 13:36:01]   [232/523] HUMA cik=0001818382 → 184 Form 4s
[2026-04-20 13:36:01]   [233/523] HURA cik=0001498382 → 241 Form 4s
[2026-04-20 13:36:01]   [234/523] IBRX cik=0001326110 → 204 Form 4s
[2026-04-20 13:36:02]   [235/523] IDYA cik=0001676725 → 159 Form 4s
[2026-04-20 13:36:03]   [237/523] IKT cik=0001750149 → 76 Form 4s
[2026-04-20 13:36:03]   [238/523] IMA cik=0001835579 → 77 Form 4s
[2026-04-20 13:36:04]   [239/523] IMCR cik=0001671927 → 40 Form 4s
[2026-04-20 13:36:04]   [241/523] IMMX cik=0001873835 → 72 Form 4s
[2026-04-20 13:36:05]   [242/523] IMNM cik=0001472012 → 131 Form 4s
[2026-04-20 13:36:06]   [243/523] IMNN cik=0000749647 → 251 Form 4s
[2026-04-20 13:36:07]   [246/523] IMUX cik=0001280776 → 217 Form 4s
[2026-04-20 13:36:07]   [247/523] IMVT cik=0001764013 → 295 Form 4s
[2026-04-20 13:36:08]   [248/523] INBX cik=0002007919 → 31 Form 4s
[2026-04-20 13:36:09]   [249/523] INCY cik=0000879169 → 1016 Form 4s
[2026-04-20 13:36:09]   [250/523] INDP cik=0001857044 → 84 Form 4s
[2026-04-20 13:36:10]   [251/523] INDV cik=0001625297 → 26 Form 4s
[2026-04-20 13:36:10]   [252/523] INM cik=0001728328 → 107 Form 4s
[2026-04-20 13:36:11]   [253/523] INO cik=0001055726 → 318 Form 4s
[2026-04-20 13:36:12]   [254/523] INSM cik=0001104506 → 490 Form 4s
[2026-04-20 13:36:12]   [255/523] INTS cik=0001567264 → 24 Form 4s
[2026-04-20 13:36:13]   [256/523] INVA cik=0001080014 → 231 Form 4s
[2026-04-20 13:36:14]   [257/523] IOBT cik=0001865494 → 73 Form 4s
[2026-04-20 13:36:14]   [258/523] IONI cik=0001580490 → 7 Form 4s
[2026-04-20 13:36:15]   [259/523] IONS cik=0000874015 → 867 Form 4s
[2026-04-20 13:36:15]   [260/523] IOVA cik=0001425205 → 238 Form 4s
[2026-04-20 13:36:16]   [262/523] IPSC cik=0001850119 → 139 Form 4s
[2026-04-20 13:36:17]   [263/523] IRD cik=0001228627 → 226 Form 4s
[2026-04-20 13:36:17]   [264/523] IRON cik=0001816736 → 205 Form 4s
[2026-04-20 13:36:18]   [265/523] IRWD cik=0001446847 → 520 Form 4s
[2026-04-20 13:36:19]   [267/523] IVVD cik=0001832038 → 108 Form 4s
[2026-04-20 13:36:19]   [268/523] IXHL cik=0001873875 → 12 Form 4s
[2026-04-20 13:36:20]   [269/523] JAGX cik=0001585608 → 181 Form 4s
[2026-04-20 13:36:20]   [270/523] JANX cik=0001817713 → 125 Form 4s
[2026-04-20 13:36:21]   [271/523] JAZZ cik=0001232524 → 704 Form 4s
[2026-04-20 13:36:22]   [272/523] JBIO cik=0001798749 → 178 Form 4s
[2026-04-20 13:36:23]   [273/523] JNJ cik=0000200406 → 647 Form 4s
[2026-04-20 13:36:23]   [274/523] JSPR cik=0001788028 → 116 Form 4s
[2026-04-20 13:36:24]   [275/523] KALA cik=0001479419 → 242 Form 4s
[2026-04-20 13:36:25]   [276/523] KALV cik=0001348911 → 360 Form 4s
[2026-04-20 13:36:25]   [277/523] KMDA cik=0001567529 → 17 Form 4s
[2026-04-20 13:36:26]   [278/523] KNSA cik=0001730430 → 331 Form 4s
[2026-04-20 13:36:26]   [279/523] KOD cik=0001468748 → 164 Form 4s
[2026-04-20 13:36:27]   [280/523] KPRX cik=0001372514 → 361 Form 4s
[2026-04-20 13:36:27]   [281/523] KPTI cik=0001503802 → 489 Form 4s
[2026-04-20 13:36:28]   [282/523] KROS cik=0001664710 → 156 Form 4s
[2026-04-20 13:36:28]   [283/523] KRRO cik=0001703647 → 270 Form 4s
[2026-04-20 13:36:28]   [284/523] KRYS cik=0001711279 → 147 Form 4s
[2026-04-20 13:36:29]   [285/523] KURA cik=0001422143 → 214 Form 4s
[2026-04-20 13:36:29]   [286/523] KYMR cik=0001815442 → 232 Form 4s
[2026-04-20 13:36:30]   [287/523] KYTX cik=0001994702 → 34 Form 4s
[2026-04-20 13:36:31]   [289/523] LEGN cik=0001801198 → 1 Form 4s
[2026-04-20 13:36:32]   [290/523] LENZ cik=0001815776 → 91 Form 4s
[2026-04-20 13:36:32]   [291/523] LEXX cik=0001348362 → 241 Form 4s
[2026-04-20 13:36:33]   [292/523] LGND cik=0000886163 → 471 Form 4s
[2026-04-20 13:36:34]   [293/523] LGVN cik=0001721484 → 183 Form 4s
[2026-04-20 13:36:34]   [294/523] LIPO cik=0001347242 → 27 Form 4s
[2026-04-20 13:36:35]   [295/523] LITS cik=0001262104 → 165 Form 4s
[2026-04-20 13:36:37]   [296/523] LLY cik=0000059478 → 1396 Form 4s
[2026-04-20 13:36:38]   [297/523] LNTH cik=0001521036 → 521 Form 4s
[2026-04-20 13:36:38]   [298/523] LONA cik=0001620463 → 161 Form 4s
[2026-04-20 13:36:39]   [299/523] LPCN cik=0001535955 → 125 Form 4s
[2026-04-20 13:36:39]   [300/523] LQDA cik=0001819576 → 327 Form 4s
[2026-04-20 13:36:40]   [301/523] LRMR cik=0001374690 → 211 Form 4s
[2026-04-20 13:36:41]   [302/523] LSTA cik=0000320017 → 244 Form 4s
[2026-04-20 13:36:42]   [303/523] LTRN cik=0001763950 → 63 Form 4s
[2026-04-20 13:36:42]   [304/523] LXEO cik=0001907108 → 77 Form 4s
[2026-04-20 13:36:43]   [305/523] LXRX cik=0001062822 → 368 Form 4s
[2026-04-20 13:36:43]   [306/523] LYEL cik=0001806952 → 112 Form 4s
[2026-04-20 13:36:44]   [307/523] LYRA cik=0001327273 → 108 Form 4s
[2026-04-20 13:36:44]   [308/523] MAIA cik=0001878313 → 208 Form 4s
[2026-04-20 13:36:45]   [309/523] MBIO cik=0001680048 → 63 Form 4s
[2026-04-20 13:36:45]   [310/523] MBRX cik=0001659617 → 116 Form 4s
[2026-04-20 13:36:45]   [311/523] MBX cik=0001776111 → 54 Form 4s
[2026-04-20 13:36:46]   [312/523] MCRB cik=0001609809 → 314 Form 4s
[2026-04-20 13:36:47]   [313/523] MDGL cik=0001157601 → 274 Form 4s
[2026-04-20 13:36:48]   [316/523] MESO cik=0001345099 → 2 Form 4s
[2026-04-20 13:36:48]   [317/523] MGNX cik=0001125345 → 366 Form 4s
[2026-04-20 13:36:49]   [318/523] MGTX cik=0001735438 → 200 Form 4s
[2026-04-20 13:36:49]   [319/523] MIRA cik=0001904286 → 30 Form 4s
[2026-04-20 13:36:49]   [320/523] MIRM cik=0001759425 → 283 Form 4s
[2026-04-20 13:36:50]   [321/523] MIST cik=0001408443 → 120 Form 4s
[2026-04-20 13:36:50]   [322/523] MLTX cik=0001821586 → 66 Form 4s
[2026-04-20 13:36:51]   [323/523] MLYS cik=0001933414 → 140 Form 4s
[2026-04-20 13:36:51]   [324/523] MNKD cik=0000899460 → 410 Form 4s
[2026-04-20 13:36:52]   [325/523] MNPR cik=0001645469 → 209 Form 4s
[2026-04-20 13:36:53]   [327/523] MREO cik=0001719714 → 64 Form 4s
[2026-04-20 13:36:54]   [328/523] MRK cik=0000310158 → 858 Form 4s
[2026-04-20 13:36:55]   [329/523] MRKR cik=0001094038 → 130 Form 4s
[2026-04-20 13:36:55]   [330/523] MRNA cik=0001682852 → 977 Form 4s
[2026-04-20 13:36:56]   [331/523] MTNB cik=0001582554 → 188 Form 4s
[2026-04-20 13:36:56]   [332/523] MTVA cik=0001638287 → 109 Form 4s
[2026-04-20 13:36:57]   [333/523] NAMS cik=0001936258 → 101 Form 4s
[2026-04-20 13:36:57]   [334/523] NBIX cik=0000914475 → 720 Form 4s
[2026-04-20 13:36:59]   [338/523] NCNA cik=0001709626 → 1 Form 4s
[2026-04-20 13:37:00]   [339/523] NERV cik=0001598646 → 206 Form 4s
[2026-04-20 13:37:00]   [340/523] NEUP cik=0001191070 → 11 Form 4s
[2026-04-20 13:37:00]   [341/523] NGNE cik=0001404644 → 207 Form 4s
[2026-04-20 13:37:01]   [342/523] NKTR cik=0000906709 → 521 Form 4s
[2026-04-20 13:37:02]   [343/523] NKTX cik=0001787400 → 175 Form 4s
[2026-04-20 13:37:02]   [344/523] NMRA cik=0001885522 → 90 Form 4s
[2026-04-20 13:37:02]   [345/523] NNVC cik=0001379006 → 26 Form 4s
[2026-04-20 13:37:03]   [346/523] NRIX cik=0001549595 → 215 Form 4s
[2026-04-20 13:37:03]   [347/523] NRSN cik=0001875091 → 3 Form 4s
[2026-04-20 13:37:04]   [348/523] NRXP cik=0001719406 → 47 Form 4s
[2026-04-20 13:37:04]   [349/523] NSRX cik=0002029039 → 1 Form 4s
[2026-04-20 13:37:04]   [350/523] NTLA cik=0001652130 → 290 Form 4s
[2026-04-20 13:37:06]   [351/523] NUVB cik=0001811063 → 132 Form 4s
[2026-04-20 13:37:06]   [352/523] NUVL cik=0001861560 → 262 Form 4s
[2026-04-20 13:37:07]   [353/523] NVAX cik=0001000694 → 412 Form 4s
[2026-04-20 13:37:08]   [354/523] NVCR cik=0001645113 → 701 Form 4s
[2026-04-20 13:37:10]   [356/523] NVS cik=0001114448 → 73 Form 4s
[2026-04-20 13:37:10]   [357/523] NXTC cik=0001661059 → 118 Form 4s
[2026-04-20 13:37:10]   [358/523] OABI cik=0001846253 → 132 Form 4s
[2026-04-20 13:37:11]   [359/523] OCGN cik=0001372299 → 228 Form 4s
[2026-04-20 13:37:12]   [361/523] OCUL cik=0001393434 → 277 Form 4s
[2026-04-20 13:37:13]   [362/523] OGEN cik=0001174940 → 133 Form 4s
[2026-04-20 13:37:13]   [363/523] OGN cik=0001821825 → 270 Form 4s
[2026-04-20 13:37:13]   [364/523] OKUR cik=0001637715 → 112 Form 4s
[2026-04-20 13:37:15]   [365/523] OKYO cik=0001849296 → 6 Form 4s
[2026-04-20 13:37:15]   [366/523] OLMA cik=0001750284 → 189 Form 4s
[2026-04-20 13:37:16]   [367/523] OMER cik=0001285819 → 180 Form 4s
[2026-04-20 13:37:17]   [368/523] ONC cik=0001651308 → 478 Form 4s
[2026-04-20 13:37:17]   [369/523] ONCY cik=0001129928 → 12 Form 4s
[2026-04-20 13:37:18]   [370/523] OPK cik=0000944809 → 900 Form 4s
[2026-04-20 13:37:19]   [372/523] ORIC cik=0001796280 → 141 Form 4s
[2026-04-20 13:37:20]   [373/523] OTLK cik=0001649989 → 253 Form 4s
[2026-04-20 13:37:20]   [374/523] OVID cik=0001636651 → 155 Form 4s
[2026-04-20 13:37:21]   [375/523] PALI cik=0001357459 → 172 Form 4s
[2026-04-20 13:37:23]   [377/523] PBYI cik=0001401667 → 377 Form 4s
[2026-04-20 13:37:24]   [378/523] PCRX cik=0001396814 → 445 Form 4s
[2026-04-20 13:37:24]   [379/523] PCSA cik=0001533743 → 198 Form 4s
[2026-04-20 13:37:25]   [380/523] PDSB cik=0001472091 → 219 Form 4s
[2026-04-20 13:37:25]   [381/523] PEPG cik=0001835597 → 89 Form 4s
[2026-04-20 13:37:27]   [382/523] PFE cik=0000078003 → 1778 Form 4s
[2026-04-20 13:37:28]   [383/523] PGEN cik=0001356090 → 633 Form 4s
[2026-04-20 13:37:28]   [385/523] PHAT cik=0001783183 → 184 Form 4s
[2026-04-20 13:37:29]   [386/523] PHGE cik=0001739174 → 121 Form 4s
[2026-04-20 13:37:29]   [387/523] PHIO cik=0001533040 → 167 Form 4s
[2026-04-20 13:37:30]   [388/523] PHVS cik=0001830487 → 5 Form 4s
[2026-04-20 13:37:30]   [389/523] PLRX cik=0001746473 → 180 Form 4s
[2026-04-20 13:37:31]   [390/523] PLUR cik=0001158780 → 133 Form 4s
[2026-04-20 13:37:31]   [391/523] PLX cik=0001006281 → 70 Form 4s
[2026-04-20 13:37:32]   [393/523] PRAX cik=0001689548 → 166 Form 4s
[2026-04-20 13:37:33]   [395/523] PRLD cik=0001678660 → 150 Form 4s
[2026-04-20 13:37:33]   [396/523] PROK cik=0001850270 → 112 Form 4s
[2026-04-20 13:37:34]   [397/523] PRTA cik=0001559053 → 374 Form 4s
[2026-04-20 13:37:34]   [398/523] PRTC cik=0001782999 → 5 Form 4s
[2026-04-20 13:37:35]   [399/523] PSTV cik=0001095981 → 195 Form 4s
[2026-04-20 13:37:36]   [400/523] PTCT cik=0001070081 → 499 Form 4s
[2026-04-20 13:37:37]   [401/523] PTGX cik=0001377121 → 251 Form 4s
[2026-04-20 13:37:37]   [402/523] PTHS cik=0001919246 → 40 Form 4s
[2026-04-20 13:37:38]   [403/523] PTN cik=0000911216 → 182 Form 4s
[2026-04-20 13:37:39]   [404/523] PVLA cik=0001583648 → 186 Form 4s
[2026-04-20 13:37:39]   [406/523] PYXS cik=0001782223 → 97 Form 4s
[2026-04-20 13:37:40]   [407/523] QNCX cik=0001662774 → 161 Form 4s
[2026-04-20 13:37:40]   [408/523] QNRX cik=0001671502 → 45 Form 4s
[2026-04-20 13:37:41]   [409/523] QTRX cik=0001503274 → 635 Form 4s
[2026-04-20 13:37:41]   [410/523] QTTB cik=0001661998 → 218 Form 4s
[2026-04-20 13:37:42]   [411/523] QURE cik=0001590560 → 373 Form 4s
[2026-04-20 13:37:42]   [412/523] RANI cik=0001856725 → 145 Form 4s
[2026-04-20 13:37:43]   [413/523] RARE cik=0001515673 → 518 Form 4s
[2026-04-20 13:37:43]   [414/523] RCKT cik=0001281895 → 317 Form 4s
[2026-04-20 13:37:44]   [415/523] RCUS cik=0001724521 → 244 Form 4s
[2026-04-20 13:37:45]   [417/523] REGN cik=0000872589 → 759 Form 4s
[2026-04-20 13:37:46]   [418/523] REPL cik=0001737953 → 267 Form 4s
[2026-04-20 13:37:46]   [419/523] RFL cik=0001713863 → 112 Form 4s
[2026-04-20 13:37:46]   [420/523] RGNX cik=0001590877 → 382 Form 4s
[2026-04-20 13:37:47]   [421/523] RIGL cik=0001034842 → 253 Form 4s
[2026-04-20 13:37:48]   [423/523] RLMD cik=0001553643 → 173 Form 4s
[2026-04-20 13:37:48]   [424/523] RLYB cik=0001739410 → 89 Form 4s
[2026-04-20 13:37:49]   [425/523] RMTI cik=0001041024 → 195 Form 4s
[2026-04-20 13:37:51]   [426/523] RNA cik=0002093101 → 5 Form 4s
[2026-04-20 13:37:51]   [427/523] RNAC cik=0001453687 → 356 Form 4s
[2026-04-20 13:37:52]   [428/523] RNAZ cik=0001829635 → 29 Form 4s
[2026-04-20 13:37:52]   [429/523] ROIV cik=0001635088 → 415 Form 4s
[2026-04-20 13:37:52]   [430/523] RPRX cik=0001802768 → 275 Form 4s
[2026-04-20 13:37:53]   [431/523] RVMD cik=0001628171 → 336 Form 4s
[2026-04-20 13:37:53]   [432/523] RVPH cik=0001742927 → 63 Form 4s
[2026-04-20 13:37:54]   [433/523] RXRX cik=0001601830 → 443 Form 4s
[2026-04-20 13:37:54]   [434/523] RYTM cik=0001649904 → 360 Form 4s
[2026-04-20 13:37:55]   [435/523] RZLT cik=0001509261 → 151 Form 4s
[2026-04-20 13:37:55]   [436/523] SCLX cik=0001820190 → 67 Form 4s
[2026-04-20 13:37:56]   [437/523] SCYX cik=0001178253 → 235 Form 4s
[2026-04-20 13:37:56]   [438/523] SDGR cik=0001490978 → 277 Form 4s
[2026-04-20 13:37:56]   [439/523] SEPN cik=0001984086 → 39 Form 4s
[2026-04-20 13:37:57]   [440/523] SGHT cik=0001531177 → 179 Form 4s
[2026-04-20 13:37:58]   [441/523] SGMO cik=0001001233 → 398 Form 4s
[2026-04-20 13:37:58]   [442/523] SGMT cik=0001400118 → 64 Form 4s
[2026-04-20 13:37:59]   [443/523] SIGA cik=0001010086 → 206 Form 4s
[2026-04-20 13:37:59]   [444/523] SKYE cik=0001516551 → 128 Form 4s
[2026-04-20 13:38:00]   [445/523] SLDB cik=0001707502 → 318 Form 4s
[2026-04-20 13:38:00]   [446/523] SLGL cik=0001684693 → 14 Form 4s
[2026-04-20 13:38:00]   [447/523] SLN cik=0001479615 → 40 Form 4s
[2026-04-20 13:38:01]   [448/523] SLNO cik=0001484565 → 408 Form 4s
[2026-04-20 13:38:02]   [449/523] SLS cik=0001390478 → 171 Form 4s
[2026-04-20 13:38:03]   [450/523] SMMT cik=0001599298 → 100 Form 4s
[2026-04-20 13:38:04]   [451/523] SNDX cik=0001395937 → 218 Form 4s
[2026-04-20 13:38:05]   [452/523] SNSE cik=0001829802 → 179 Form 4s
[2026-04-20 13:38:06]   [453/523] SNY cik=0001121404 → 33 Form 4s
[2026-04-20 13:38:06]   [454/523] SPRB cik=0001683553 → 104 Form 4s
[2026-04-20 13:38:07]   [456/523] SPRO cik=0001701108 → 188 Form 4s
[2026-04-20 13:38:07]   [457/523] SPRY cik=0001671858 → 216 Form 4s
[2026-04-20 13:38:08]   [458/523] SRPT cik=0000873303 → 362 Form 4s
[2026-04-20 13:38:08]   [459/523] SRRK cik=0001727196 → 262 Form 4s
[2026-04-20 13:38:09]   [460/523] STOK cik=0001623526 → 254 Form 4s
[2026-04-20 13:38:09]   [461/523] STRO cik=0001382101 → 287 Form 4s
[2026-04-20 13:38:10]   [462/523] STTK cik=0001680367 → 168 Form 4s
[2026-04-20 13:38:11]   [463/523] SUPN cik=0001356576 → 435 Form 4s
[2026-04-20 13:38:11]   [464/523] SVRA cik=0001160308 → 222 Form 4s
[2026-04-20 13:38:12]   [465/523] SXTP cik=0001946563 → 26 Form 4s
[2026-04-20 13:38:12]   [466/523] TAK cik=0001395064 → 39 Form 4s
[2026-04-20 13:38:13]   [467/523] TARA cik=0001359931 → 297 Form 4s
[2026-04-20 13:38:13]   [468/523] TARS cik=0001819790 → 277 Form 4s
[2026-04-20 13:38:14]   [469/523] TBPH cik=0001583107 → 571 Form 4s
[2026-04-20 13:38:14]   [470/523] TERN cik=0001831363 → 130 Form 4s
[2026-04-20 13:38:15]   [471/523] TEVA cik=0000818686 → 560 Form 4s
[2026-04-20 13:38:16]   [472/523] TGTX cik=0001001316 → 124 Form 4s
[2026-04-20 13:38:16]   [473/523] TIL cik=0001789769 → 57 Form 4s
[2026-04-20 13:38:17]   [474/523] TLX cik=0002007191 → 1 Form 4s
[2026-04-20 13:38:18]   [475/523] TNXP cik=0001430306 → 241 Form 4s
[2026-04-20 13:38:19]   [476/523] TNYA cik=0001858848 → 109 Form 4s
[2026-04-20 13:38:20]   [477/523] TONX cik=0001566610 → 138 Form 4s
[2026-04-20 13:38:20]   [478/523] TPST cik=0001544227 → 277 Form 4s
[2026-04-20 13:38:21]   [479/523] TRAW cik=0001130598 → 260 Form 4s
[2026-04-20 13:38:21]   [480/523] TRVI cik=0001563880 → 192 Form 4s
[2026-04-20 13:38:22]   [481/523] TVRD cik=0001346830 → 335 Form 4s
[2026-04-20 13:38:23]   [482/523] TVTX cik=0001438533 → 422 Form 4s
[2026-04-20 13:38:23]   [483/523] UNCY cik=0001766140 → 43 Form 4s
[2026-04-20 13:38:23]   [484/523] UPB cik=0002022626 → 32 Form 4s
[2026-04-20 13:38:24]   [485/523] URGN cik=0001668243 → 180 Form 4s
[2026-04-20 13:38:25]   [486/523] UTHR cik=0001082554 → 1498 Form 4s
[2026-04-20 13:38:26]   [488/523] VANI cik=0001266806 → 319 Form 4s
[2026-04-20 13:38:27]   [489/523] VCEL cik=0000887359 → 342 Form 4s
[2026-04-20 13:38:27]   [490/523] VCNX cik=0001205922 → 143 Form 4s
[2026-04-20 13:38:28]   [491/523] VCYT cik=0001384101 → 497 Form 4s
[2026-04-20 13:38:28]   [492/523] VERA cik=0001831828 → 178 Form 4s
[2026-04-20 13:38:29]   [493/523] VERU cik=0000863894 → 260 Form 4s
[2026-04-20 13:38:29]   [494/523] VIR cik=0001706431 → 421 Form 4s
[2026-04-20 13:38:30]   [495/523] VKTX cik=0001607678 → 190 Form 4s
[2026-04-20 13:38:31]   [496/523] VNDA cik=0001347178 → 241 Form 4s
[2026-04-20 13:38:31]   [497/523] VOR cik=0001817229 → 165 Form 4s
[2026-04-20 13:38:32]   [498/523] VRCA cik=0001660334 → 204 Form 4s
[2026-04-20 13:38:32]   [499/523] VRDN cik=0001590750 → 194 Form 4s
[2026-04-20 13:38:33]   [500/523] VRTX cik=0000875320 → 1259 Form 4s
[2026-04-20 13:38:35]   [501/523] VSTM cik=0001526119 → 302 Form 4s
[2026-04-20 13:38:36]   [502/523] VTGN cik=0001411685 → 209 Form 4s
[2026-04-20 13:38:36]   [503/523] VTRS cik=0001792044 → 274 Form 4s
[2026-04-20 13:38:37]   [504/523] VXRT cik=0000072444 → 207 Form 4s
[2026-04-20 13:38:38]   [505/523] VYNE cik=0001566044 → 256 Form 4s
[2026-04-20 13:38:38]   [506/523] WHWK cik=0001422142 → 197 Form 4s
[2026-04-20 13:38:39]   [507/523] WINT cik=0000946486 → 172 Form 4s
[2026-04-20 13:38:39]   [508/523] WVE cik=0001631574 → 235 Form 4s
[2026-04-20 13:38:40]   [509/523] XBIT cik=0001626878 → 127 Form 4s
[2026-04-20 13:38:40]   [510/523] XCUR cik=0001698530 → 108 Form 4s
[2026-04-20 13:38:41]   [511/523] XENE cik=0001582313 → 301 Form 4s
[2026-04-20 13:38:41]   [512/523] XERS cik=0001867096 → 128 Form 4s
[2026-04-20 13:38:41]   [513/523] XFOR cik=0001501697 → 249 Form 4s
[2026-04-20 13:38:42]   [514/523] XLO cik=0001840233 → 98 Form 4s
[2026-04-20 13:38:42]   [515/523] XNCR cik=0001326732 → 327 Form 4s
[2026-04-20 13:38:43]   [516/523] XOMA cik=0000791908 → 255 Form 4s
[2026-04-20 13:38:44]   [518/523] ZBIO cik=0001953926 → 49 Form 4s
[2026-04-20 13:38:44]   [519/523] ZLAB cik=0001704292 → 230 Form 4s
[2026-04-20 13:38:45]   [521/523] ZNTL cik=0001725160 → 213 Form 4s
[2026-04-20 13:38:45]   [522/523] ZVRA cik=0001434647 → 272 Form 4s
[2026-04-20 13:38:46]   [523/523] ZYME cik=0001937653 → 91 Form 4s
[2026-04-20 13:38:47] Stage 1 DONE: 523 tickers, 111894 Form 4 filings indexed
