[2026-04-20 13:41:44] Loaded pruned index: 523 tickers
[2026-04-20 13:41:44] Total filings to download: 39,637 across 523 pending tickers
[2026-04-20 13:41:44] Starting thread pool: 8 workers, rate limit 9.0 req/s
[2026-04-20 13:42:39]   500/39,637 filings (1.3%) rate=9.0/s ETA=72.7min
[2026-04-20 13:43:35]   1,000/39,637 filings (2.5%) rate=9.0/s ETA=71.8min
[2026-04-20 13:44:31]   1,500/39,637 filings (3.8%) rate=9.0/s ETA=70.8min
[2026-04-20 13:45:26]   2,000/39,637 filings (5.0%) rate=9.0/s ETA=69.9min
[2026-04-20 13:46:22]   2,500/39,637 filings (6.3%) rate=9.0/s ETA=68.9min
[2026-04-20 13:47:18]   3,000/39,637 filings (7.6%) rate=9.0/s ETA=68.0min
[2026-04-20 13:48:13]   3,500/39,637 filings (8.8%) rate=9.0/s ETA=67.0min
[2026-04-20 13:49:09]   4,000/39,637 filings (10.1%) rate=9.0/s ETA=66.1min
[2026-04-20 13:50:04]   4,500/39,637 filings (11.4%) rate=9.0/s ETA=65.2min
[2026-04-20 13:51:00]   5,000/39,637 filings (12.6%) rate=9.0/s ETA=64.3min
[2026-04-20 13:51:56]   5,500/39,637 filings (13.9%) rate=9.0/s ETA=63.3min
[2026-04-20 13:52:52]   6,000/39,637 filings (15.1%) rate=9.0/s ETA=62.4min
[2026-04-20 13:53:47]   6,500/39,637 filings (16.4%) rate=9.0/s ETA=61.5min
[2026-04-20 13:54:43]   7,000/39,637 filings (17.7%) rate=9.0/s ETA=60.5min
[2026-04-20 13:55:38]   7,500/39,637 filings (18.9%) rate=9.0/s ETA=59.6min
[2026-04-20 13:56:34]   8,000/39,637 filings (20.2%) rate=9.0/s ETA=58.7min
[2026-04-20 13:57:30]   8,500/39,637 filings (21.4%) rate=9.0/s ETA=57.8min
[2026-04-20 13:58:25]   9,000/39,637 filings (22.7%) rate=9.0/s ETA=56.8min
[2026-04-20 13:59:21]   9,500/39,637 filings (24.0%) rate=9.0/s ETA=55.9min
[2026-04-20 14:00:17]   10,000/39,637 filings (25.2%) rate=9.0/s ETA=55.0min
[2026-04-20 14:01:12]   10,500/39,637 filings (26.5%) rate=9.0/s ETA=54.1min
[2026-04-20 14:02:08]   11,000/39,637 filings (27.8%) rate=9.0/s ETA=53.1min
[2026-04-20 14:03:04]   11,500/39,637 filings (29.0%) rate=9.0/s ETA=52.2min
[2026-04-20 14:03:59]   12,000/39,637 filings (30.3%) rate=9.0/s ETA=51.3min
[2026-04-20 14:04:55]   12,500/39,637 filings (31.5%) rate=9.0/s ETA=50.3min
[2026-04-20 14:05:51]   13,000/39,637 filings (32.8%) rate=9.0/s ETA=49.4min
[2026-04-20 14:06:46]   13,500/39,637 filings (34.1%) rate=9.0/s ETA=48.5min
[2026-04-20 14:07:42]   14,000/39,637 filings (35.3%) rate=9.0/s ETA=47.6min
[2026-04-20 14:08:38]   14,500/39,637 filings (36.6%) rate=9.0/s ETA=46.6min
[2026-04-20 14:09:33]   15,000/39,637 filings (37.8%) rate=9.0/s ETA=45.7min
[2026-04-20 14:10:29]   15,500/39,637 filings (39.1%) rate=9.0/s ETA=44.8min
[2026-04-20 14:11:25]   16,000/39,637 filings (40.4%) rate=9.0/s ETA=43.9min
[2026-04-20 14:12:22]   16,500/39,637 filings (41.6%) rate=9.0/s ETA=43.0min
[2026-04-20 14:13:16]   17,000/39,637 filings (42.9%) rate=9.0/s ETA=42.0min
[2026-04-20 14:14:12]   17,500/39,637 filings (44.2%) rate=9.0/s ETA=41.1min
[2026-04-20 14:15:08]   18,000/39,637 filings (45.4%) rate=9.0/s ETA=40.2min
[2026-04-20 14:16:04]   18,500/39,637 filings (46.7%) rate=9.0/s ETA=39.2min
[2026-04-20 14:16:59]   19,000/39,637 filings (47.9%) rate=9.0/s ETA=38.3min
[2026-04-20 14:17:55]   19,500/39,637 filings (49.2%) rate=9.0/s ETA=37.4min
[2026-04-20 14:18:50]   20,000/39,637 filings (50.5%) rate=9.0/s ETA=36.4min
[2026-04-20 14:19:46]   20,500/39,637 filings (51.7%) rate=9.0/s ETA=35.5min
[2026-04-20 14:20:42]   21,000/39,637 filings (53.0%) rate=9.0/s ETA=34.6min
[2026-04-20 14:21:37]   21,500/39,637 filings (54.2%) rate=9.0/s ETA=33.7min
[2026-04-20 14:22:33]   22,000/39,637 filings (55.5%) rate=9.0/s ETA=32.7min
[2026-04-20 14:23:29]   22,500/39,637 filings (56.8%) rate=9.0/s ETA=31.8min
[2026-04-20 14:24:24]   23,000/39,637 filings (58.0%) rate=9.0/s ETA=30.9min
[2026-04-20 14:25:20]   23,500/39,637 filings (59.3%) rate=9.0/s ETA=29.9min
[2026-04-20 14:26:16]   24,000/39,637 filings (60.5%) rate=9.0/s ETA=29.0min
[2026-04-20 14:27:11]   24,500/39,637 filings (61.8%) rate=9.0/s ETA=28.1min
[2026-04-20 14:28:07]   25,000/39,637 filings (63.1%) rate=9.0/s ETA=27.2min
[2026-04-20 14:29:03]   25,500/39,637 filings (64.3%) rate=9.0/s ETA=26.2min
[2026-04-20 14:29:58]   26,000/39,637 filings (65.6%) rate=9.0/s ETA=25.3min
[2026-04-20 14:30:54]   26,500/39,637 filings (66.9%) rate=9.0/s ETA=24.4min
[2026-04-20 14:31:50]   27,000/39,637 filings (68.1%) rate=9.0/s ETA=23.4min
[2026-04-20 14:32:45]   27,500/39,637 filings (69.4%) rate=9.0/s ETA=22.5min
[2026-04-20 14:33:41]   28,000/39,637 filings (70.6%) rate=9.0/s ETA=21.6min
[2026-04-20 14:34:37]   28,500/39,637 filings (71.9%) rate=9.0/s ETA=20.7min
[2026-04-20 14:35:32]   29,000/39,637 filings (73.2%) rate=9.0/s ETA=19.7min
[2026-04-20 14:36:28]   29,500/39,637 filings (74.4%) rate=9.0/s ETA=18.8min
[2026-04-20 14:37:24]   30,000/39,637 filings (75.7%) rate=9.0/s ETA=17.9min
[2026-04-20 14:38:19]   30,500/39,637 filings (76.9%) rate=9.0/s ETA=17.0min
[2026-04-20 14:39:15]   31,000/39,637 filings (78.2%) rate=9.0/s ETA=16.0min
[2026-04-20 14:40:11]   31,500/39,637 filings (79.5%) rate=9.0/s ETA=15.1min
[2026-04-20 14:41:06]   32,000/39,637 filings (80.7%) rate=9.0/s ETA=14.2min
[2026-04-20 14:42:02]   32,500/39,637 filings (82.0%) rate=9.0/s ETA=13.2min
[2026-04-20 14:43:01]   33,000/39,637 filings (83.3%) rate=9.0/s ETA=12.3min
[2026-04-20 14:43:53]   33,500/39,637 filings (84.5%) rate=9.0/s ETA=11.4min
[2026-04-20 14:44:49]   34,000/39,637 filings (85.8%) rate=9.0/s ETA=10.5min
[2026-04-20 14:45:45]   34,500/39,637 filings (87.0%) rate=9.0/s ETA=9.5min
[2026-04-20 14:46:40]   35,000/39,637 filings (88.3%) rate=9.0/s ETA=8.6min
[2026-04-20 14:47:36]   35,500/39,637 filings (89.6%) rate=9.0/s ETA=7.7min
[2026-04-20 14:48:32]   36,000/39,637 filings (90.8%) rate=9.0/s ETA=6.7min
[2026-04-20 14:49:30]   36,500/39,637 filings (92.1%) rate=9.0/s ETA=5.8min
[2026-04-20 14:50:23]   37,000/39,637 filings (93.3%) rate=9.0/s ETA=4.9min
[2026-04-20 14:51:19]   37,500/39,637 filings (94.6%) rate=9.0/s ETA=4.0min
