Polygon enrich: 62 forward catalysts, as of 2026-07-25
  OTLK   price=1.405 mcap=263M tier=Micro adv=10836496
  VTRS   price=17.24 mcap=20077M tier=Large adv=9519531
  MRNA   price=54.07 mcap=21454M tier=Large adv=7701121
  LNTH   price=104.82 mcap=6824M tier=Mid adv=892281
  BMY    price=62.09 mcap=126792M tier=Large adv=10999998
  CAPR   price=19.7 mcap=1141M tier=Small adv=1902467
  RARE   price=26.9 mcap=2649M tier=Mid adv=2976812
  JAZZ   price=253.87 mcap=15948M tier=Large adv=739326
  ZYME   price=22.86 mcap=1682M tier=Small adv=575579
  GILD   price=129.31 mcap=160547M tier=Large adv=7392142
  REGN   price=656.01 mcap=68775M tier=Large adv=776434
  TLX    price=10.22 mcap=3462M tier=Mid adv=159452
  NUVL   price=123.96 mcap=kept tier=kept adv=2194792
  RARE   price=26.9 mcap=2649M tier=Mid adv=2976812
  IONS   price=56.55 mcap=9346M tier=Mid adv=4604164
  INCY   price=117.67 mcap=23508M tier=Large adv=1679644
  BFRI   price=1.09 mcap=14M tier=Nano adv=337890
  PFE    price=24.54 mcap=139864M tier=Large adv=42500682
  PTGX   price=136.11 mcap=8753M tier=Mid adv=838368
  ROIV   price=35.01 mcap=25182M tier=Large adv=5199431
  TAK    price=17.24 mcap=55056M tier=Large adv=3541936
  MRK    price=131.07 mcap=323720M tier=Large adv=9506637
  IRD    price=3.08 mcap=254M tier=Micro adv=1230126
  VTRS   price=17.24 mcap=20077M tier=Large adv=9519531
  PHAR   price=12.615 mcap=891M tier=Small adv=6135
  GSK    price=51.35 mcap=102844M tier=Large adv=4063842
  INO    price=0.9701 mcap=80M tier=Micro adv=1569560
  AGIO   price=36.36 mcap=2162M tier=Mid adv=1208416
  BTAI   price=0.8475 mcap=26M tier=Nano adv=1482778
  CYTK   price=80.74 mcap=10962M tier=Large adv=2144168
  SMMT   price=13.66 mcap=10897M tier=Large adv=3936787
  SVRA   price=5.51 mcap=1129M tier=Small adv=1974728
  BBIO   price=84.02 mcap=16456M tier=Large adv=4793065
  NUVL   price=123.96 mcap=kept tier=kept adv=2194792
  BAYRY  price=13.13 mcap=kept tier=kept adv=926384
  COGT   price=39.76 mcap=6794M tier=Mid adv=2882862
  REGN   price=656.01 mcap=68775M tier=Large adv=776434
  RHHBY  price=54.7 mcap=kept tier=kept adv=2068341
  VRTX   price=477.36 mcap=121157M tier=Large adv=1892923
  EXEL   price=55.37 mcap=13918M tier=Large adv=2540056
  VNDA   price=5.18 mcap=312M tier=Small adv=880854
  RHHBY  price=54.7 mcap=kept tier=kept adv=2068341
  MLYS   price=26.71 mcap=2355M tier=Mid adv=1156910
  GILD   price=129.31 mcap=160547M tier=Large adv=7392142
  PRAX   price=325.3 mcap=9069M tier=Mid adv=481264
  COGT   price=39.76 mcap=6794M tier=Mid adv=2882862
  ABBV   price=259.36 mcap=458235M tier=Large adv=8567320
  AZN    price=169.26 mcap=262501M tier=Large adv=2751309
  BAYRY  price=13.13 mcap=kept tier=kept adv=926384
  NVO    price=48.77 mcap=215703M tier=Large adv=9544191
  NVCR   price=17.65 mcap=2044M tier=Mid adv=1960334
  NUVB   price=6.42 mcap=2235M tier=Mid adv=8741699
  IBRX   price=7.1 mcap=7436M tier=Mid adv=11813556
  PRAX   price=325.3 mcap=9069M tier=Mid adv=481264
  GILD   price=129.31 mcap=160547M tier=Large adv=7392142
  ARQT   price=27.35 mcap=3421M tier=Mid adv=1470137
  CGEM   price=17.1 mcap=1051M tier=Small adv=735724
  INBX   price=81.55 mcap=1196M tier=Small adv=331142
  PHVS   price=34.17 mcap=2388M tier=Mid adv=555111
  AXSM   price=241 mcap=12402M tier=Large adv=1144662
  BBIO   price=84.02 mcap=16456M tier=Large adv=4793065
  MIRM   price=113.03 mcap=6893M tier=Mid adv=829530

refreshed: 62 tickers ok, 0 no-data | data.js rows 62 | dataset.mjs forward PDUFA rows 59
wrote data.js + dataset.mjs (backups: *.bak_polygon). ua stamped 2026-07-25T16:03:38Z
